// Jest Snapshot v1, https://goo.gl/fbAQLP

exports[`snapshot test for the app mataches the snapshot 1`] = `
Array [
  <header>
    <h1>
      Counters R Fun!
    </h1>
  </header>,
  <section
    className="counter"
  >
    <span
      className="down clicker"
      onClick={[Function]}
    >
       
      -
       
    </span>
    <span
      className="count "
    >
      0
    </span>
    <span
      className="up clicker"
      onClick={[Function]}
    >
       
      +
       
    </span>
  </section>,
  <footer>
    Â© 2018 Code Fellows
  </footer>,
]
`;
